../Core/Src/GFX_FUNCTIONS.c:23:6:drawPixel	24	static
../Core/Src/GFX_FUNCTIONS.c:28:6:fillRect	88	dynamic
../Core/Src/GFX_FUNCTIONS.c:54:6:writePixel	24	static
../Core/Src/GFX_FUNCTIONS.c:59:6:writeLine	48	static
../Core/Src/GFX_FUNCTIONS.c:99:7:drawFastVLine	32	static
../Core/Src/GFX_FUNCTIONS.c:103:7:drawFastHLine	32	static
../Core/Src/GFX_FUNCTIONS.c:108:6:drawLine	40	static
../Core/Src/GFX_FUNCTIONS.c:120:6:drawString	56	static
../Core/Src/GFX_FUNCTIONS.c:131:6:drawChar	48	static
../Core/Src/GFX_FUNCTIONS.c:163:6:drawCircle	40	static
../Core/Src/GFX_FUNCTIONS.c:197:6:drawCircleHelper	48	static
../Core/Src/GFX_FUNCTIONS.c:233:6:fillCircleHelper	40	static
../Core/Src/GFX_FUNCTIONS.c:270:6:fillCircle	32	static
../Core/Src/GFX_FUNCTIONS.c:278:6:drawRect	24	static
../Core/Src/GFX_FUNCTIONS.c:286:6:drawRoundRect	48	static
../Core/Src/GFX_FUNCTIONS.c:303:6:fillRoundRect	48	static
../Core/Src/GFX_FUNCTIONS.c:315:6:drawTriangle	40	static
../Core/Src/GFX_FUNCTIONS.c:323:6:fillTriangle	72	static
../Core/Src/GFX_FUNCTIONS.c:400:6:fillScreen	88	dynamic
../Core/Src/GFX_FUNCTIONS.c:410:6:drawImage	96	dynamic
../Core/Src/GFX_FUNCTIONS.c:431:6:testLines	56	static
../Core/Src/GFX_FUNCTIONS.c:474:6:testFastLines	32	static
../Core/Src/GFX_FUNCTIONS.c:483:6:testRects	56	static
../Core/Src/GFX_FUNCTIONS.c:498:6:testFilledRects	56	static
../Core/Src/GFX_FUNCTIONS.c:515:6:testFilledCircles	40	static
../Core/Src/GFX_FUNCTIONS.c:528:6:testCircles	40	static
../Core/Src/GFX_FUNCTIONS.c:544:6:testTriangles	56	static
../Core/Src/GFX_FUNCTIONS.c:561:6:testFilledTriangles	64	static
../Core/Src/GFX_FUNCTIONS.c:574:6:testRoundRects	56	static
../Core/Src/GFX_FUNCTIONS.c:591:6:testFilledRoundRects	56	static
../Core/Src/GFX_FUNCTIONS.c:606:6:testFillScreen	8	static
../Core/Src/GFX_FUNCTIONS.c:615:6:testAll	8	static
