../Core/Inc/minmea.h:196:21:minmea_tocoord	32	static
../Core/Src/main.c:169:5:main	40	static
../Core/Src/main.c:398:6:SystemClock_Config	96	static
../Core/Src/main.c:446:13:MX_I2C1_Init	8	static
../Core/Src/main.c:494:13:MX_RTC_Init	72	static
../Core/Src/main.c:586:13:MX_SPI1_Init	8	static
../Core/Src/main.c:626:13:MX_TIM17_Init	88	static
../Core/Src/main.c:689:13:MX_USART1_UART_Init	8	static
../Core/Src/main.c:737:13:MX_USART2_UART_Init	8	static
../Core/Src/main.c:785:13:MX_GPIO_Init	48	static
../Core/Src/main.c:824:6:Animate	32	static
../Core/Src/main.c:834:5:_ADXL343_ReadReg8	24	static
../Core/Src/main.c:845:5:_ADXL343_WriteReg8	32	static
../Core/Src/main.c:856:6:SendData	56	static
../Core/Src/main.c:870:6:GetLatLon	24	static
../Core/Src/main.c:898:6:HAL_RTC_AlarmAEventCallback	80	static
../Core/Src/main.c:917:6:Error_Handler	8	static,ignoring_inline_asm
