../Core/Inc/minmea.h:196:21:minmea_tocoord	32	static
../Core/Inc/tiny-json.h:104:29:json_getSibling	16	static
../Core/Inc/tiny-json.h:128:29:json_getChild	16	static
../Core/Inc/tiny-json.h:142:23:json_getInteger	16	static
../Core/Inc/tiny-json.h:149:22:json_getReal	16	static
../Core/Src/main.c:299:5:main	72	static
../Core/Src/main.c:592:6:SystemClock_Config	96	static
../Core/Src/main.c:640:13:MX_I2C1_Init	8	static
../Core/Src/main.c:688:13:MX_RTC_Init	8	static
../Core/Src/main.c:725:13:MX_SPI1_Init	8	static
../Core/Src/main.c:765:13:MX_TIM17_Init	88	static
../Core/Src/main.c:828:13:MX_USART1_UART_Init	8	static
../Core/Src/main.c:876:13:MX_USART2_UART_Init	8	static
../Core/Src/main.c:924:13:MX_GPIO_Init	56	static
../Core/Src/main.c:979:6:ChangeNote	24	static
../Core/Src/main.c:982:6:PlayEffect	16	static
../Core/Src/main.c:1111:6:HAL_GPIO_EXTI_Rising_Callback	16	static
../Core/Src/main.c:1130:6:PeripheralInit	8	static
../Core/Src/main.c:1157:6:StructInit	24	static
../Core/Src/main.c:1272:6:Evolve	8	static
../Core/Src/main.c:1280:6:FlashErase	40	static
../Core/Src/main.c:1291:6:FlashWrite	4608	static
../Core/Src/main.c:1354:6:AnimateCharacterSitting	48	static
../Core/Src/main.c:1391:6:Animate	56	static
../Core/Src/main.c:1402:5:_ADXL343_ReadReg8	24	static
../Core/Src/main.c:1415:5:_ADXL343_WriteReg8	32	static
../Core/Src/main.c:1425:6:SendData	56	static
../Core/Src/main.c:1450:6:ReceiveData	5152	static
../Core/Src/main.c:1513:5:CheckExp	32	static
../Core/Src/main.c:1523:6:GetLatLon	64	static
../Core/Src/main.c:1593:6:Emote	24	static
../Core/Src/main.c:1637:15:GetJustLatLon	48	static
../Core/Src/main.c:1696:6:Error_Handler	8	static,ignoring_inline_asm
