../Core/Inc/minmea.h:196:21:minmea_tocoord	32	static
../Core/Inc/tiny-json.h:104:29:json_getSibling	16	static
../Core/Inc/tiny-json.h:128:29:json_getChild	16	static
../Core/Inc/tiny-json.h:142:23:json_getInteger	16	static
../Core/Inc/tiny-json.h:149:22:json_getReal	16	static
../Core/Src/main.c:238:5:main	64	static
../Core/Src/main.c:577:6:SystemClock_Config	96	static
../Core/Src/main.c:625:13:MX_I2C1_Init	8	static
../Core/Src/main.c:673:13:MX_RTC_Init	72	static
../Core/Src/main.c:765:13:MX_SPI1_Init	8	static
../Core/Src/main.c:805:13:MX_TIM17_Init	88	static
../Core/Src/main.c:868:13:MX_USART1_UART_Init	8	static
../Core/Src/main.c:916:13:MX_USART2_UART_Init	8	static
../Core/Src/main.c:964:13:MX_GPIO_Init	56	static
../Core/Src/main.c:1019:6:ChangeNote	24	static
../Core/Src/main.c:1023:6:PlayEffect	16	static
../Core/Src/main.c:1152:6:HAL_GPIO_EXTI_Rising_Callback	16	static
../Core/Src/main.c:1173:6:PeripheralInit	8	static
../Core/Src/main.c:1201:6:StructInit	8	static
../Core/Src/main.c:1233:6:Evolve	8	static
../Core/Src/main.c:1243:6:Animate	56	static
../Core/Src/main.c:1254:5:_ADXL343_ReadReg8	24	static
../Core/Src/main.c:1265:5:_ADXL343_WriteReg8	32	static
../Core/Src/main.c:1276:6:SendData	56	static
../Core/Src/main.c:1290:6:ReceiveData	5152	static
../Core/Src/main.c:1346:5:CheckExp	32	static
../Core/Src/main.c:1353:6:GetLatLon	56	static
../Core/Src/main.c:1427:6:Emote	24	static
../Core/Src/main.c:1483:15:GetJustLatLon	48	static
../Core/Src/main.c:1539:6:HAL_RTC_AlarmAEventCallback	64	static
../Core/Src/main.c:1558:6:Error_Handler	8	static,ignoring_inline_asm
