../Core/Inc/minmea.h:196:21:minmea_tocoord	32	static
../Core/Inc/tiny-json.h:104:29:json_getSibling	16	static
../Core/Inc/tiny-json.h:128:29:json_getChild	16	static
../Core/Inc/tiny-json.h:142:23:json_getInteger	16	static
../Core/Inc/tiny-json.h:149:22:json_getReal	16	static
../Core/Src/main.c:265:5:main	72	static
../Core/Src/main.c:558:6:SystemClock_Config	96	static
../Core/Src/main.c:606:13:MX_I2C1_Init	8	static
../Core/Src/main.c:654:13:MX_RTC_Init	8	static
../Core/Src/main.c:691:13:MX_SPI1_Init	8	static
../Core/Src/main.c:731:13:MX_TIM17_Init	88	static
../Core/Src/main.c:794:13:MX_USART1_UART_Init	8	static
../Core/Src/main.c:842:13:MX_USART2_UART_Init	8	static
../Core/Src/main.c:890:13:MX_GPIO_Init	56	static
../Core/Src/main.c:945:6:ChangeNote	24	static
../Core/Src/main.c:948:6:PlayEffect	16	static
../Core/Src/main.c:1077:6:HAL_GPIO_EXTI_Rising_Callback	16	static
../Core/Src/main.c:1096:6:PeripheralInit	8	static
../Core/Src/main.c:1123:6:StructInit	24	static
../Core/Src/main.c:1176:6:Evolve	8	static
../Core/Src/main.c:1184:6:FlashErase	40	static
../Core/Src/main.c:1195:6:FlashWrite	4608	static
../Core/Src/main.c:1258:6:AnimateCharacter	48	static
../Core/Src/main.c:1405:6:Animate	48	static
../Core/Src/main.c:1413:5:_ADXL343_ReadReg8	24	static
../Core/Src/main.c:1426:5:_ADXL343_WriteReg8	32	static
../Core/Src/main.c:1436:6:SendData	56	static
../Core/Src/main.c:1461:6:ReceiveData	5152	static
../Core/Src/main.c:1524:5:CheckExp	32	static
../Core/Src/main.c:1534:6:GetLatLon	64	static
../Core/Src/main.c:1604:6:Emote	24	static
../Core/Src/main.c:1648:15:GetJustLatLon	48	static
../Core/Src/main.c:1707:6:Error_Handler	8	static,ignoring_inline_asm
