../Core/Inc/minmea.h:196:21:minmea_tocoord	32	static
../Core/Inc/tiny-json.h:104:29:json_getSibling	16	static
../Core/Inc/tiny-json.h:128:29:json_getChild	16	static
../Core/Inc/tiny-json.h:142:23:json_getInteger	16	static
../Core/Inc/tiny-json.h:149:22:json_getReal	16	static
../Core/Src/main.c:207:5:main	72	static
../Core/Src/main.c:495:6:SystemClock_Config	96	static
../Core/Src/main.c:543:13:MX_I2C1_Init	8	static
../Core/Src/main.c:591:13:MX_RTC_Init	72	static
../Core/Src/main.c:683:13:MX_SPI1_Init	8	static
../Core/Src/main.c:723:13:MX_TIM17_Init	88	static
../Core/Src/main.c:786:13:MX_USART1_UART_Init	8	static
../Core/Src/main.c:834:13:MX_USART2_UART_Init	8	static
../Core/Src/main.c:882:13:MX_GPIO_Init	56	static
../Core/Src/main.c:927:6:ChangeNote	24	static
../Core/Src/main.c:931:6:PlayEffect	16	static
../Core/Src/main.c:1060:6:Animate	32	static
../Core/Src/main.c:1070:5:_ADXL343_ReadReg8	24	static
../Core/Src/main.c:1081:5:_ADXL343_WriteReg8	32	static
../Core/Src/main.c:1092:6:SendData	56	static
../Core/Src/main.c:1106:6:ReceiveData	5152	static
../Core/Src/main.c:1162:6:GetLatLon	56	static
../Core/Src/main.c:1236:15:GetJustLatLon	48	static
../Core/Src/main.c:1292:6:HAL_RTC_AlarmAEventCallback	80	static
../Core/Src/main.c:1311:6:Error_Handler	8	static,ignoring_inline_asm
