../Core/Inc/minmea.h:196:21:minmea_tocoord	32	static
../Core/Inc/tiny-json.h:104:29:json_getSibling	16	static
../Core/Inc/tiny-json.h:128:29:json_getChild	16	static
../Core/Inc/tiny-json.h:142:23:json_getInteger	16	static
../Core/Inc/tiny-json.h:149:22:json_getReal	16	static
../Core/Src/main.c:265:5:main	72	static
../Core/Src/main.c:561:6:SystemClock_Config	96	static
../Core/Src/main.c:609:13:MX_I2C1_Init	8	static
../Core/Src/main.c:657:13:MX_RTC_Init	8	static
../Core/Src/main.c:694:13:MX_SPI1_Init	8	static
../Core/Src/main.c:734:13:MX_TIM17_Init	88	static
../Core/Src/main.c:797:13:MX_USART1_UART_Init	8	static
../Core/Src/main.c:845:13:MX_USART2_UART_Init	8	static
../Core/Src/main.c:893:13:MX_GPIO_Init	56	static
../Core/Src/main.c:948:6:ChangeNote	24	static
../Core/Src/main.c:951:6:PlayEffect	16	static
../Core/Src/main.c:1080:6:HAL_GPIO_EXTI_Rising_Callback	16	static
../Core/Src/main.c:1099:6:PeripheralInit	8	static
../Core/Src/main.c:1126:6:StructInit	24	static
../Core/Src/main.c:1179:6:Evolve	8	static
../Core/Src/main.c:1187:6:FlashErase	40	static
../Core/Src/main.c:1198:6:FlashWrite	4608	static
../Core/Src/main.c:1261:6:AnimateCharacter	48	static
../Core/Src/main.c:1409:6:Animate	48	static
../Core/Src/main.c:1417:5:_ADXL343_ReadReg8	24	static
../Core/Src/main.c:1430:5:_ADXL343_WriteReg8	32	static
../Core/Src/main.c:1440:6:SendData	56	static
../Core/Src/main.c:1465:6:ReceiveData	5152	static
../Core/Src/main.c:1529:5:CheckExp	32	static
../Core/Src/main.c:1539:6:GetLatLon	64	static
../Core/Src/main.c:1610:6:Emote	24	static
../Core/Src/main.c:1654:15:GetJustLatLon	48	static
../Core/Src/main.c:1713:6:Error_Handler	8	static,ignoring_inline_asm
