../Core/Inc/minmea.h:196:21:minmea_tocoord	32	static
../Core/Inc/tiny-json.h:104:29:json_getSibling	16	static
../Core/Inc/tiny-json.h:128:29:json_getChild	16	static
../Core/Inc/tiny-json.h:142:23:json_getInteger	16	static
../Core/Inc/tiny-json.h:149:22:json_getReal	16	static
../Core/Src/main.c:223:5:main	64	static
../Core/Src/main.c:552:6:SystemClock_Config	96	static
../Core/Src/main.c:600:13:MX_I2C1_Init	8	static
../Core/Src/main.c:648:13:MX_RTC_Init	72	static
../Core/Src/main.c:740:13:MX_SPI1_Init	8	static
../Core/Src/main.c:780:13:MX_TIM17_Init	88	static
../Core/Src/main.c:843:13:MX_USART1_UART_Init	8	static
../Core/Src/main.c:891:13:MX_USART2_UART_Init	8	static
../Core/Src/main.c:939:13:MX_GPIO_Init	56	static
../Core/Src/main.c:994:6:ChangeNote	24	static
../Core/Src/main.c:997:6:PlayEffect	16	static
../Core/Src/main.c:1126:6:HAL_GPIO_EXTI_Rising_Callback	16	static
../Core/Src/main.c:1145:6:PeripheralInit	8	static
../Core/Src/main.c:1172:6:StructInit	24	static
../Core/Src/main.c:1234:6:Evolve	8	static
../Core/Src/main.c:1242:6:FlashErase	40	static
../Core/Src/main.c:1253:6:FlashWrite	4608	static
../Core/Src/main.c:1316:6:Animate	56	static
../Core/Src/main.c:1327:5:_ADXL343_ReadReg8	24	static
../Core/Src/main.c:1340:5:_ADXL343_WriteReg8	32	static
../Core/Src/main.c:1350:6:SendData	56	static
../Core/Src/main.c:1375:6:ReceiveData	5152	static
../Core/Src/main.c:1438:5:CheckExp	32	static
../Core/Src/main.c:1448:6:GetLatLon	56	static
../Core/Src/main.c:1525:6:Emote	24	static
../Core/Src/main.c:1570:15:GetJustLatLon	48	static
../Core/Src/main.c:1622:6:HAL_RTC_AlarmAEventCallback	64	static
../Core/Src/main.c:1640:6:Error_Handler	8	static,ignoring_inline_asm
