../Core/Inc/minmea.h:196:21:minmea_tocoord	32	static
../Core/Inc/tiny-json.h:104:29:json_getSibling	16	static
../Core/Inc/tiny-json.h:128:29:json_getChild	16	static
../Core/Inc/tiny-json.h:142:23:json_getInteger	16	static
../Core/Inc/tiny-json.h:149:22:json_getReal	16	static
../Core/Src/main.c:265:5:main	72	static
../Core/Src/main.c:565:6:SystemClock_Config	96	static
../Core/Src/main.c:613:13:MX_I2C1_Init	8	static
../Core/Src/main.c:661:13:MX_RTC_Init	8	static
../Core/Src/main.c:698:13:MX_SPI1_Init	8	static
../Core/Src/main.c:738:13:MX_TIM17_Init	88	static
../Core/Src/main.c:801:13:MX_USART1_UART_Init	8	static
../Core/Src/main.c:849:13:MX_USART2_UART_Init	8	static
../Core/Src/main.c:897:13:MX_GPIO_Init	56	static
../Core/Src/main.c:952:6:ChangeNote	24	static
../Core/Src/main.c:955:6:PlayEffect	16	static
../Core/Src/main.c:1084:6:HAL_GPIO_EXTI_Rising_Callback	16	static
../Core/Src/main.c:1103:6:PeripheralInit	8	static
../Core/Src/main.c:1130:6:StructInit	24	static
../Core/Src/main.c:1183:6:Evolve	8	static
../Core/Src/main.c:1191:6:FlashErase	40	static
../Core/Src/main.c:1202:6:FlashWrite	4608	static
../Core/Src/main.c:1265:6:AnimateCharacter	48	static
../Core/Src/main.c:1413:6:Animate	48	static
../Core/Src/main.c:1421:5:_ADXL343_ReadReg8	24	static
../Core/Src/main.c:1434:5:_ADXL343_WriteReg8	32	static
../Core/Src/main.c:1444:6:SendData	56	static
../Core/Src/main.c:1469:6:ReceiveData	5152	static
../Core/Src/main.c:1533:5:CheckExp	32	static
../Core/Src/main.c:1543:6:GetLatLon	64	static
../Core/Src/main.c:1614:6:Emote	24	static
../Core/Src/main.c:1658:15:GetJustLatLon	48	static
../Core/Src/main.c:1717:6:Error_Handler	8	static,ignoring_inline_asm
