../Core/Inc/minmea.h:196:21:minmea_tocoord	32	static
../Core/Inc/tiny-json.h:104:29:json_getSibling	16	static
../Core/Inc/tiny-json.h:128:29:json_getChild	16	static
../Core/Inc/tiny-json.h:142:23:json_getInteger	16	static
../Core/Inc/tiny-json.h:149:22:json_getReal	16	static
../Core/Src/main.c:213:5:main	72	static
../Core/Src/main.c:575:6:SystemClock_Config	96	static
../Core/Src/main.c:623:13:MX_I2C1_Init	8	static
../Core/Src/main.c:671:13:MX_RTC_Init	72	static
../Core/Src/main.c:763:13:MX_SPI1_Init	8	static
../Core/Src/main.c:803:13:MX_TIM17_Init	88	static
../Core/Src/main.c:866:13:MX_USART1_UART_Init	8	static
../Core/Src/main.c:914:13:MX_USART2_UART_Init	8	static
../Core/Src/main.c:962:13:MX_GPIO_Init	56	static
../Core/Src/main.c:1017:6:ChangeNote	24	static
../Core/Src/main.c:1021:6:PlayEffect	16	static
../Core/Src/main.c:1150:6:HAL_GPIO_EXTI_Rising_Callback	16	static
../Core/Src/main.c:1157:6:Animate	32	static
../Core/Src/main.c:1167:5:_ADXL343_ReadReg8	24	static
../Core/Src/main.c:1178:5:_ADXL343_WriteReg8	32	static
../Core/Src/main.c:1189:6:SendData	56	static
../Core/Src/main.c:1203:6:ReceiveData	5152	static
../Core/Src/main.c:1259:6:GetLatLon	56	static
../Core/Src/main.c:1333:15:GetJustLatLon	48	static
../Core/Src/main.c:1389:6:HAL_RTC_AlarmAEventCallback	80	static
../Core/Src/main.c:1408:6:Error_Handler	8	static,ignoring_inline_asm
