../Core/Inc/minmea.h:196:21:minmea_tocoord	32	static
../Core/Inc/tiny-json.h:104:29:json_getSibling	16	static
../Core/Inc/tiny-json.h:128:29:json_getChild	16	static
../Core/Inc/tiny-json.h:142:23:json_getInteger	16	static
../Core/Inc/tiny-json.h:149:22:json_getReal	16	static
../Core/Src/main.c:190:5:main	72	static
../Core/Src/main.c:460:6:SystemClock_Config	96	static
../Core/Src/main.c:508:13:MX_I2C1_Init	8	static
../Core/Src/main.c:556:13:MX_RTC_Init	72	static
../Core/Src/main.c:648:13:MX_SPI1_Init	8	static
../Core/Src/main.c:688:13:MX_TIM17_Init	88	static
../Core/Src/main.c:751:13:MX_USART1_UART_Init	8	static
../Core/Src/main.c:799:13:MX_USART2_UART_Init	8	static
../Core/Src/main.c:847:13:MX_GPIO_Init	56	static
../Core/Src/main.c:893:6:Animate	32	static
../Core/Src/main.c:903:5:_ADXL343_ReadReg8	24	static
../Core/Src/main.c:914:5:_ADXL343_WriteReg8	32	static
../Core/Src/main.c:925:6:SendData	56	static
../Core/Src/main.c:939:6:ReceiveData	5152	static
../Core/Src/main.c:995:6:GetLatLon	56	static
../Core/Src/main.c:1069:15:GetJustLatLon	48	static
../Core/Src/main.c:1125:6:HAL_RTC_AlarmAEventCallback	80	static
../Core/Src/main.c:1137:6:ChangeNote	24	static
../Core/Src/main.c:1147:6:Error_Handler	8	static,ignoring_inline_asm
