../Core/Inc/minmea.h:196:21:minmea_tocoord	32	static
../Core/Inc/tiny-json.h:104:29:json_getSibling	16	static
../Core/Inc/tiny-json.h:128:29:json_getChild	16	static
../Core/Inc/tiny-json.h:142:23:json_getInteger	16	static
../Core/Inc/tiny-json.h:149:22:json_getReal	16	static
../Core/Src/main.c:265:5:main	72	static
../Core/Src/main.c:556:6:SystemClock_Config	96	static
../Core/Src/main.c:604:13:MX_I2C1_Init	8	static
../Core/Src/main.c:652:13:MX_RTC_Init	72	static
../Core/Src/main.c:744:13:MX_SPI1_Init	8	static
../Core/Src/main.c:784:13:MX_TIM17_Init	88	static
../Core/Src/main.c:847:13:MX_USART1_UART_Init	8	static
../Core/Src/main.c:895:13:MX_USART2_UART_Init	8	static
../Core/Src/main.c:943:13:MX_GPIO_Init	56	static
../Core/Src/main.c:998:6:ChangeNote	24	static
../Core/Src/main.c:1001:6:PlayEffect	16	static
../Core/Src/main.c:1130:6:HAL_GPIO_EXTI_Rising_Callback	16	static
../Core/Src/main.c:1149:6:PeripheralInit	8	static
../Core/Src/main.c:1176:6:StructInit	24	static
../Core/Src/main.c:1284:6:Evolve	8	static
../Core/Src/main.c:1292:6:FlashErase	40	static
../Core/Src/main.c:1303:6:FlashWrite	4608	static
../Core/Src/main.c:1366:6:AnimateCharacterSitting	48	static
../Core/Src/main.c:1402:6:Animate	56	static
../Core/Src/main.c:1413:5:_ADXL343_ReadReg8	24	static
../Core/Src/main.c:1426:5:_ADXL343_WriteReg8	32	static
../Core/Src/main.c:1436:6:SendData	56	static
../Core/Src/main.c:1461:6:ReceiveData	5152	static
../Core/Src/main.c:1524:5:CheckExp	32	static
../Core/Src/main.c:1534:6:GetLatLon	56	static
../Core/Src/main.c:1611:6:Emote	24	static
../Core/Src/main.c:1655:15:GetJustLatLon	48	static
../Core/Src/main.c:1707:6:HAL_RTC_AlarmAEventCallback	64	static
../Core/Src/main.c:1725:6:Error_Handler	8	static,ignoring_inline_asm
