../Core/Inc/tiny-json.h:104:29:json_getSibling	16	static
../Core/Inc/tiny-json.h:128:29:json_getChild	16	static
../Core/Inc/tiny-json.h:142:23:json_getInteger	16	static
../Core/Inc/tiny-json.h:149:22:json_getReal	16	static
../Core/Src/main.c:188:5:main	32	static
../Core/Src/main.c:429:6:SystemClock_Config	96	static
../Core/Src/main.c:477:13:MX_I2C1_Init	8	static
../Core/Src/main.c:525:13:MX_RTC_Init	72	static
../Core/Src/main.c:617:13:MX_SPI1_Init	8	static
../Core/Src/main.c:657:13:MX_TIM17_Init	88	static
../Core/Src/main.c:720:13:MX_USART1_UART_Init	8	static
../Core/Src/main.c:768:13:MX_USART2_UART_Init	8	static
../Core/Src/main.c:816:13:MX_GPIO_Init	56	static
../Core/Src/main.c:862:6:Animate	32	static
../Core/Src/main.c:872:5:_ADXL343_ReadReg8	24	static
../Core/Src/main.c:883:5:_ADXL343_WriteReg8	32	static
../Core/Src/main.c:894:6:SendData	56	static
../Core/Src/main.c:908:6:ReceiveData	5160	static
../Core/Src/main.c:958:6:GetLatLon	64	static
../Core/Src/main.c:1028:6:HAL_RTC_AlarmAEventCallback	80	static
../Core/Src/main.c:1040:6:ChangeNote	24	static
../Core/Src/main.c:1050:6:Error_Handler	8	static,ignoring_inline_asm
