../Core/Inc/minmea.h:196:21:minmea_tocoord	32	static
../Core/Inc/tiny-json.h:104:29:json_getSibling	16	static
../Core/Inc/tiny-json.h:128:29:json_getChild	16	static
../Core/Inc/tiny-json.h:142:23:json_getInteger	16	static
../Core/Inc/tiny-json.h:149:22:json_getReal	16	static
../Core/Src/main.c:211:5:main	72	static
../Core/Src/main.c:573:6:SystemClock_Config	96	static
../Core/Src/main.c:621:13:MX_I2C1_Init	8	static
../Core/Src/main.c:669:13:MX_RTC_Init	72	static
../Core/Src/main.c:761:13:MX_SPI1_Init	8	static
../Core/Src/main.c:801:13:MX_TIM17_Init	88	static
../Core/Src/main.c:864:13:MX_USART1_UART_Init	8	static
../Core/Src/main.c:912:13:MX_USART2_UART_Init	8	static
../Core/Src/main.c:960:13:MX_GPIO_Init	56	static
../Core/Src/main.c:1005:6:ChangeNote	24	static
../Core/Src/main.c:1009:6:PlayEffect	16	static
../Core/Src/main.c:1139:6:Animate	32	static
../Core/Src/main.c:1149:5:_ADXL343_ReadReg8	24	static
../Core/Src/main.c:1160:5:_ADXL343_WriteReg8	32	static
../Core/Src/main.c:1171:6:SendData	56	static
../Core/Src/main.c:1185:6:ReceiveData	5152	static
../Core/Src/main.c:1241:6:GetLatLon	56	static
../Core/Src/main.c:1315:15:GetJustLatLon	48	static
../Core/Src/main.c:1371:6:HAL_RTC_AlarmAEventCallback	80	static
../Core/Src/main.c:1390:6:Error_Handler	8	static,ignoring_inline_asm
