../Core/Inc/tiny-json.h:104:29:json_getSibling	16	static
../Core/Inc/tiny-json.h:128:29:json_getChild	16	static
../Core/Inc/tiny-json.h:142:23:json_getInteger	16	static
../Core/Inc/tiny-json.h:149:22:json_getReal	16	static
../Core/Src/main.c:175:5:main	40	static
../Core/Src/main.c:411:6:SystemClock_Config	96	static
../Core/Src/main.c:459:13:MX_I2C1_Init	8	static
../Core/Src/main.c:507:13:MX_RTC_Init	72	static
../Core/Src/main.c:599:13:MX_SPI1_Init	8	static
../Core/Src/main.c:639:13:MX_TIM17_Init	88	static
../Core/Src/main.c:702:13:MX_USART1_UART_Init	8	static
../Core/Src/main.c:750:13:MX_USART2_UART_Init	8	static
../Core/Src/main.c:798:13:MX_GPIO_Init	56	static
../Core/Src/main.c:844:6:Animate	32	static
../Core/Src/main.c:854:5:_ADXL343_ReadReg8	24	static
../Core/Src/main.c:865:5:_ADXL343_WriteReg8	32	static
../Core/Src/main.c:876:6:SendData	56	static
../Core/Src/main.c:890:6:ReceiveData	5160	static
../Core/Src/main.c:940:6:GetLatLon	64	static
../Core/Src/main.c:1010:6:HAL_RTC_AlarmAEventCallback	80	static
../Core/Src/main.c:1029:6:Error_Handler	8	static,ignoring_inline_asm
