../Core/Src/ST7735.c:101:6:ST7735_Select	8	static
../Core/Src/ST7735.c:106:6:ST7735_Unselect	8	static
../Core/Src/ST7735.c:111:6:ST7735_Reset	8	static
../Core/Src/ST7735.c:118:8:ST7735_WriteCommand	16	static
../Core/Src/ST7735.c:124:6:ST7735_WriteData	16	static
../Core/Src/ST7735.c:130:6:DisplayInit	32	static
../Core/Src/ST7735.c:157:6:ST7735_SetAddressWindow	32	static
../Core/Src/ST7735.c:174:6:ST7735_Init	16	static
../Core/Src/ST7735.c:199:6:ST7735_SetRotation	24	static
../Core/Src/ST7735.c:259:6:ST7735_DrawPixel	32	static
../Core/Src/ST7735.c:272:6:ST7735_WriteChar	48	static
../Core/Src/ST7735.c:291:6:ST7735_WriteString	48	static
../Core/Src/ST7735.c:317:6:ST7735_FillRectangle	32	static
../Core/Src/ST7735.c:337:6:ST7735_DrawImage	24	static
../Core/Src/ST7735.c:348:6:ST7735_InvertColors	16	static
