../Core/Src/GFX_FUNCTIONS.c:23:6:drawPixel	24	static
../Core/Src/GFX_FUNCTIONS.c:28:6:fillRect	32	static
../Core/Src/GFX_FUNCTIONS.c:47:6:writePixel	24	static
../Core/Src/GFX_FUNCTIONS.c:52:6:writeLine	48	static
../Core/Src/GFX_FUNCTIONS.c:92:7:drawFastVLine	32	static
../Core/Src/GFX_FUNCTIONS.c:96:7:drawFastHLine	32	static
../Core/Src/GFX_FUNCTIONS.c:101:6:drawLine	40	static
../Core/Src/GFX_FUNCTIONS.c:113:6:drawString	56	static
../Core/Src/GFX_FUNCTIONS.c:124:6:drawChar	48	static
../Core/Src/GFX_FUNCTIONS.c:156:6:drawCircle	40	static
../Core/Src/GFX_FUNCTIONS.c:190:6:drawCircleHelper	48	static
../Core/Src/GFX_FUNCTIONS.c:226:6:fillCircleHelper	40	static
../Core/Src/GFX_FUNCTIONS.c:263:6:fillCircle	32	static
../Core/Src/GFX_FUNCTIONS.c:271:6:drawRect	24	static
../Core/Src/GFX_FUNCTIONS.c:279:6:drawRoundRect	48	static
../Core/Src/GFX_FUNCTIONS.c:296:6:fillRoundRect	48	static
../Core/Src/GFX_FUNCTIONS.c:308:6:drawTriangle	40	static
../Core/Src/GFX_FUNCTIONS.c:316:6:fillTriangle	72	static
../Core/Src/GFX_FUNCTIONS.c:393:6:fillScreen	88	dynamic
../Core/Src/GFX_FUNCTIONS.c:403:6:drawImage	96	dynamic
../Core/Src/GFX_FUNCTIONS.c:424:6:testLines	56	static
../Core/Src/GFX_FUNCTIONS.c:467:6:testFastLines	32	static
../Core/Src/GFX_FUNCTIONS.c:476:6:testRects	56	static
../Core/Src/GFX_FUNCTIONS.c:491:6:testFilledRects	56	static
../Core/Src/GFX_FUNCTIONS.c:508:6:testFilledCircles	40	static
../Core/Src/GFX_FUNCTIONS.c:521:6:testCircles	40	static
../Core/Src/GFX_FUNCTIONS.c:537:6:testTriangles	56	static
../Core/Src/GFX_FUNCTIONS.c:554:6:testFilledTriangles	64	static
../Core/Src/GFX_FUNCTIONS.c:567:6:testRoundRects	56	static
../Core/Src/GFX_FUNCTIONS.c:584:6:testFilledRoundRects	56	static
../Core/Src/GFX_FUNCTIONS.c:599:6:testFillScreen	8	static
../Core/Src/GFX_FUNCTIONS.c:608:6:testAll	8	static
