../Core/Src/GFX_FUNCTIONS.c:23:6:drawPixel	24	static
../Core/Src/GFX_FUNCTIONS.c:28:6:fillRect	32	static
../Core/Src/GFX_FUNCTIONS.c:47:6:writePixel	24	static
../Core/Src/GFX_FUNCTIONS.c:52:6:writeLine	48	static
../Core/Src/GFX_FUNCTIONS.c:92:7:drawFastVLine	32	static
../Core/Src/GFX_FUNCTIONS.c:96:7:drawFastHLine	32	static
../Core/Src/GFX_FUNCTIONS.c:101:6:drawLine	40	static
../Core/Src/GFX_FUNCTIONS.c:113:6:drawString	56	static
../Core/Src/GFX_FUNCTIONS.c:124:6:drawChar	48	static
../Core/Src/GFX_FUNCTIONS.c:156:6:drawCircle	40	static
../Core/Src/GFX_FUNCTIONS.c:190:6:drawCircleHelper	48	static
../Core/Src/GFX_FUNCTIONS.c:226:6:fillCircleHelper	40	static
../Core/Src/GFX_FUNCTIONS.c:263:6:fillCircle	32	static
../Core/Src/GFX_FUNCTIONS.c:271:6:drawRect	24	static
../Core/Src/GFX_FUNCTIONS.c:279:6:drawRoundRect	48	static
../Core/Src/GFX_FUNCTIONS.c:296:6:fillRoundRect	48	static
../Core/Src/GFX_FUNCTIONS.c:308:6:drawTriangle	40	static
../Core/Src/GFX_FUNCTIONS.c:316:6:fillTriangle	72	static
../Core/Src/GFX_FUNCTIONS.c:393:6:fillScreen	24	static
../Core/Src/GFX_FUNCTIONS.c:399:6:testLines	56	static
../Core/Src/GFX_FUNCTIONS.c:442:6:testFastLines	32	static
../Core/Src/GFX_FUNCTIONS.c:451:6:testRects	56	static
../Core/Src/GFX_FUNCTIONS.c:466:6:testFilledRects	56	static
../Core/Src/GFX_FUNCTIONS.c:483:6:testFilledCircles	40	static
../Core/Src/GFX_FUNCTIONS.c:496:6:testCircles	40	static
../Core/Src/GFX_FUNCTIONS.c:512:6:testTriangles	56	static
../Core/Src/GFX_FUNCTIONS.c:529:6:testFilledTriangles	64	static
../Core/Src/GFX_FUNCTIONS.c:542:6:testRoundRects	56	static
../Core/Src/GFX_FUNCTIONS.c:559:6:testFilledRoundRects	56	static
../Core/Src/GFX_FUNCTIONS.c:574:6:testFillScreen	8	static
../Core/Src/GFX_FUNCTIONS.c:583:6:testAll	8	static
