../Core/Inc/minmea.h:196:21:minmea_tocoord	32	static
../Core/Src/main.c:122:5:main	40	static
../Core/Src/main.c:324:6:SystemClock_Config	96	static
../Core/Src/main.c:372:13:MX_I2C1_Init	8	static
../Core/Src/main.c:420:13:MX_RTC_Init	72	static
../Core/Src/main.c:512:13:MX_SPI1_Init	8	static
../Core/Src/main.c:552:13:MX_TIM17_Init	88	static
../Core/Src/main.c:615:13:MX_USART1_UART_Init	8	static
../Core/Src/main.c:663:13:MX_USART2_UART_Init	8	static
../Core/Src/main.c:712:13:MX_GPIO_Init	48	static
../Core/Src/main.c:749:5:_ADXL343_ReadReg8	24	static
../Core/Src/main.c:760:5:_ADXL343_WriteReg8	32	static
../Core/Src/main.c:772:6:HAL_RTC_AlarmAEventCallback	80	static
../Core/Src/main.c:791:6:Error_Handler	8	static,ignoring_inline_asm
